// Jest Snapshot v1, https://goo.gl/fbAQLP

exports[`ShowPage should render correctly 1`] = `
<Fragment>
  <div
    className="mainShowPage"
  >
    <h2>
      Popular movies
    </h2>
    <Carousel
      additionalTransfrom={0}
      arrows={true}
      autoPlaySpeed={3000}
      centerMode={false}
      className="carouselStyle"
      containerClass="carousel-container"
      dotListClass="custom-dot-list-style"
      draggable={false}
      focusOnSelect={false}
      infinite={true}
      itemClass="carousel-item-padding-40-px"
      keyBoardControl={true}
      minimumTouchDrag={80}
      removeArrowOnDeviceType={
        Array [
          "tablet",
          "mobile",
        ]
      }
      renderButtonGroupOutside={false}
      renderDotsOutside={false}
      responsive={
        Object {
          "desktop": Object {
            "breakpoint": Object {
              "max": 3000,
              "min": 1024,
            },
            "items": 3,
            "slidesToSlide": 3,
          },
          "mobile": Object {
            "breakpoint": Object {
              "max": 464,
              "min": 0,
            },
            "items": 1,
            "slidesToSlide": 1,
          },
          "tablet": Object {
            "breakpoint": Object {
              "max": 1024,
              "min": 464,
            },
            "items": 2,
            "slidesToSlide": 2,
          },
        }
      }
      showDots={false}
      sliderClass=""
      slidesToSlide={1}
      ssr={false}
      swipeable={true}
    />
    <br />
    <h2>
      Popular series
    </h2>
    <Carousel
      additionalTransfrom={0}
      arrows={true}
      autoPlaySpeed={3000}
      centerMode={false}
      className="carouselStyle"
      containerClass="carousel-container"
      dotListClass="custom-dot-list-style"
      draggable={false}
      focusOnSelect={false}
      infinite={true}
      itemClass="carousel-item-padding-40-px"
      keyBoardControl={true}
      minimumTouchDrag={80}
      removeArrowOnDeviceType={
        Array [
          "tablet",
          "mobile",
        ]
      }
      renderButtonGroupOutside={false}
      renderDotsOutside={false}
      responsive={
        Object {
          "desktop": Object {
            "breakpoint": Object {
              "max": 3000,
              "min": 1024,
            },
            "items": 3,
            "slidesToSlide": 3,
          },
          "mobile": Object {
            "breakpoint": Object {
              "max": 464,
              "min": 0,
            },
            "items": 1,
            "slidesToSlide": 1,
          },
          "tablet": Object {
            "breakpoint": Object {
              "max": 1024,
              "min": 464,
            },
            "items": 2,
            "slidesToSlide": 2,
          },
        }
      }
      showDots={false}
      sliderClass=""
      slidesToSlide={1}
      ssr={false}
      swipeable={true}
    />
    <br />
    <h2>
      Family movies
    </h2>
    <Carousel
      additionalTransfrom={0}
      arrows={true}
      autoPlaySpeed={3000}
      centerMode={false}
      className="carouselStyle"
      containerClass="carousel-container"
      dotListClass="custom-dot-list-style"
      draggable={false}
      focusOnSelect={false}
      infinite={true}
      itemClass="carousel-item-padding-40-px"
      keyBoardControl={true}
      minimumTouchDrag={80}
      removeArrowOnDeviceType={
        Array [
          "tablet",
          "mobile",
        ]
      }
      renderButtonGroupOutside={false}
      renderDotsOutside={false}
      responsive={
        Object {
          "desktop": Object {
            "breakpoint": Object {
              "max": 3000,
              "min": 1024,
            },
            "items": 3,
            "slidesToSlide": 3,
          },
          "mobile": Object {
            "breakpoint": Object {
              "max": 464,
              "min": 0,
            },
            "items": 1,
            "slidesToSlide": 1,
          },
          "tablet": Object {
            "breakpoint": Object {
              "max": 1024,
              "min": 464,
            },
            "items": 2,
            "slidesToSlide": 2,
          },
        }
      }
      showDots={false}
      sliderClass=""
      slidesToSlide={1}
      ssr={false}
      swipeable={true}
    />
    <br />
    <h2>
      Documentaries
    </h2>
    <Carousel
      additionalTransfrom={0}
      arrows={true}
      autoPlaySpeed={3000}
      centerMode={false}
      className="carouselStyle"
      containerClass="carousel-container"
      dotListClass="custom-dot-list-style"
      draggable={false}
      focusOnSelect={false}
      infinite={true}
      itemClass="carousel-item-padding-40-px"
      keyBoardControl={true}
      minimumTouchDrag={80}
      removeArrowOnDeviceType={
        Array [
          "tablet",
          "mobile",
        ]
      }
      renderButtonGroupOutside={false}
      renderDotsOutside={false}
      responsive={
        Object {
          "desktop": Object {
            "breakpoint": Object {
              "max": 3000,
              "min": 1024,
            },
            "items": 3,
            "slidesToSlide": 3,
          },
          "mobile": Object {
            "breakpoint": Object {
              "max": 464,
              "min": 0,
            },
            "items": 1,
            "slidesToSlide": 1,
          },
          "tablet": Object {
            "breakpoint": Object {
              "max": 1024,
              "min": 464,
            },
            "items": 2,
            "slidesToSlide": 2,
          },
        }
      }
      showDots={false}
      sliderClass=""
      slidesToSlide={1}
      ssr={false}
      swipeable={true}
    />
  </div>
</Fragment>
`;
