// Jest Snapshot v1, https://goo.gl/fbAQLP

exports[`Carousel should render correctly 1`] = `
<Fragment>
  <div>
    <img
      alt="undefined poster"
      className="image"
      onClick={[Function]}
    />
    <p
      className="title"
    />
  </div>
</Fragment>
`;
